2026-10-09 11:14:32.567 +05:00 [INF] WorkNest API starting on Production
2026-10-09 11:14:32.659 +05:00 [INF] WorkNest Agreement Reminder Service started.
2026-10-09 11:14:32.657 +05:00 [INF] WorkNest Access Card Restriction Service started.
2026-10-09 11:14:32.658 +05:00 [INF] WorkNest Challan Access Suspension Service started.
2026-10-09 11:14:32.657 +05:00 [INF] WorkNest Invoice Delivery Retry Service started.
2026-10-09 11:14:32.657 +05:00 [INF] WorkNest Billing Automation Service started.
2026-10-09 11:14:32.658 +05:00 [INF] WorkNest Booking Auto-Confirm Service started.
2026-10-09 11:14:32.657 +05:00 [INF] WorkNest Announcement & Alert Delivery Service started.
2026-10-09 11:14:32.661 +05:00 [INF] Executing WN_ReRestrictLapsedPartialPayments...
2026-10-09 11:14:32.671 +05:00 [INF] Checking for active bookings due for recurring invoice generation...
2026-10-09 11:14:32.670 +05:00 [INF] WorkNest UniFi Polling Service started (refresh every 60s).
2026-10-09 11:14:32.788 +05:00 [WRN] The ASP.NET Core developer certificate is not trusted. For information about trusting the ASP.NET Core developer certificate, see https://aka.ms/aspnet/https-trust-dev-cert
2026-10-09 11:14:33.202 +05:00 [INF] Found 0 active booking(s) due for billing processing.
2026-10-09 11:14:33.320 +05:00 [INF] Completed access card restriction check. -1 access card(s) re-restricted.
2026-10-09 11:14:33.651 +05:00 [INF] [HtmlToPdf] Headless browser pre-warmed successfully.
2026-10-09 11:14:47.119 +05:00 [INF] Incoming GET /api/admin/nav-badges
2026-10-09 11:14:47.207 +05:00 [INF] Outgoing 307 for GET /api/admin/nav-badges
2026-10-09 11:14:57.452 +05:00 [INF] Incoming GET /api/offering-types
2026-10-09 11:14:57.454 +05:00 [INF] Outgoing 307 for GET /api/offering-types
2026-10-09 11:15:25.283 +05:00 [INF] Incoming GET /api/offering-types
2026-10-09 11:15:25.284 +05:00 [INF] Outgoing 307 for GET /api/offering-types
2026-10-09 11:15:34.005 +05:00 [INF] Incoming GET /api/offering-types
2026-10-09 11:15:34.005 +05:00 [INF] Outgoing 307 for GET /api/offering-types
2026-10-09 11:15:34.247 +05:00 [INF] Incoming GET /api/offering-types
2026-10-09 11:15:34.406 +05:00 [INF] Outgoing 200 for GET /api/offering-types
2026-10-09 11:15:43.455 +05:00 [INF] Incoming GET /api/admin/nav-badges
2026-10-09 11:15:43.455 +05:00 [INF] Outgoing 307 for GET /api/admin/nav-badges
